---
source: tui/src/chatwidget/tests.rs
expression: normalized_backend_snapshot(terminal.backend())
---
"                                                                                                                          │                                     "
"› Summarize the project please from the README.md                                                                         │ README project summary              "
"                                                                                                                          │                                     "
"                                                                                                                          │ Context                             "
"I found the top-level README and pulled the nearby crate docs.                                                            │ 49.8K tokens                        "
"                                                                                                                          │ 100% left                           "
"The repo is the Rust implementation of Codex CLI, with `core`, `cli`, `exec`, and `tui` as the main crates.               │ $0.10 spent                         "
"                                                                                                                          │                                     "
"                                                                                                                          │ LSP                                 "
"                                                                                                                          │ LSPs will activate as files are ... "
"                                                                                                                          │                                     "
"                                                                                                                          │ Modified Files                      "
"                                                                                                                          │ packages/pipelines/src/n... +32 -21 "
"                                                                                                                          │ packages/pipelines/src/share... +41 "
"                                                                                                                          │                                     "
"                                                                                                                          │                                     "
"                                                                                                                          │                                     "
"                                                                                                                          │                                     "
"                                                                                                                          │                                     "
"                                                                                                                          │                                     "
"                                                                                                                          │                                     "
"                                                                                                                          │                                     "
"                                                                                                                          │                                     "
"                                                                                                                          │                                     "
"                                                                                                                          │                                     "
"› Summarize recent commits                                                                                                │                                     "
"                                                                                                                          │ >_ OpenAI Codex (v0.0.0)            "
"  gpt-5.3-codex default · 100% left · /tmp/project                                                                        │                                     "
